// Jest Snapshot v1, https://goo.gl/fbAQLP

exports[`Header component Matches the snapshot 1`] = `
<h1>
  Sudoku Solver
</h1>
`;
